<?xml version="1.0" encoding="UTF-8"?>
<testsuites name="jest tests" tests="2" failures="0" errors="0" time="1.083">
  <testsuite name="Todo API" errors="0" failures="0" skipped="0" timestamp="2026-05-31T21:06:14" time="0.941" tests="2">
    <testcase classname="Todo API GET /health returns ok" name="Todo API GET /health returns ok" time="0.062">
    </testcase>
    <testcase classname="Todo API GET /api/todos returns array" name="Todo API GET /api/todos returns array" time="0.021">
    </testcase>
  </testsuite>
</testsuites>